syntax-test-p,negative-syntax-test-p,query-evaluation-test-p,type,suite,collection,name,failedp,implementedp,parsing-succeeded-p,translation-succeeded-p,initialization-succeeded-p,rule-type,different-semantics-p,running-succeeded-p,comparing-succeeded-p,time
True,False,True,QueryEvaluationTest,data-sparql11,service,service2,True,True,True,True,False,SELECT,False,,,76
True,False,True,QueryEvaluationTest,data-sparql11,service,service3,True,True,True,True,False,SELECT,False,,,16
True,False,True,QueryEvaluationTest,data-sparql11,service,service6,True,True,True,True,False,SELECT,False,,,12
True,False,False,PositiveSyntaxTest11,data-sparql11,syntax-fed,test_1,True,True,True,True,False,SELECT,False,,,12
